nftset=/achat-followers-instagram.com/4#inet#fw4#vpn_domains
nftset=/acheter-followers-instagram.com/4#inet#fw4#vpn_domains
nftset=/acheterdesfollowersinstagram.com/4#inet#fw4#vpn_domains
nftset=/acheterfollowersinstagram.com/4#inet#fw4#vpn_domains
nftset=/bookstagram.com/4#inet#fw4#vpn_domains
nftset=/carstagram.com/4#inet#fw4#vpn_domains
nftset=/cdninstagram.com/4#inet#fw4#vpn_domains
nftset=/chickstagram.com/4#inet#fw4#vpn_domains
nftset=/ig.me/4#inet#fw4#vpn_domains
nftset=/igcdn.com/4#inet#fw4#vpn_domains
nftset=/igsonar.com/4#inet#fw4#vpn_domains
nftset=/igtv.com/4#inet#fw4#vpn_domains
nftset=/imstagram.com/4#inet#fw4#vpn_domains
nftset=/imtagram.com/4#inet#fw4#vpn_domains
nftset=/instaadder.com/4#inet#fw4#vpn_domains
nftset=/instachecker.com/4#inet#fw4#vpn_domains
nftset=/instafallow.com/4#inet#fw4#vpn_domains
nftset=/instafollower.com/4#inet#fw4#vpn_domains
nftset=/instagainer.com/4#inet#fw4#vpn_domains
nftset=/instagda.com/4#inet#fw4#vpn_domains
nftset=/instagify.com/4#inet#fw4#vpn_domains
nftset=/instagmania.com/4#inet#fw4#vpn_domains
nftset=/instagor.com/4#inet#fw4#vpn_domains
nftset=/instagram-brand.com/4#inet#fw4#vpn_domains
nftset=/instagram-engineering.com/4#inet#fw4#vpn_domains
nftset=/instagram-help.com/4#inet#fw4#vpn_domains
nftset=/instagram-press.com/4#inet#fw4#vpn_domains
nftset=/instagram-press.net/4#inet#fw4#vpn_domains
nftset=/instagram.com/4#inet#fw4#vpn_domains
nftset=/instagramci.com/4#inet#fw4#vpn_domains
nftset=/instagramcn.com/4#inet#fw4#vpn_domains
nftset=/instagramdi.com/4#inet#fw4#vpn_domains
nftset=/instagramhashtags.net/4#inet#fw4#vpn_domains
nftset=/instagramhilecim.com/4#inet#fw4#vpn_domains
nftset=/instagramhilesi.org/4#inet#fw4#vpn_domains
nftset=/instagramium.com/4#inet#fw4#vpn_domains
nftset=/instagramizlenme.com/4#inet#fw4#vpn_domains
nftset=/instagramkusu.com/4#inet#fw4#vpn_domains
nftset=/instagramlogin.com/4#inet#fw4#vpn_domains
nftset=/instagramm.com/4#inet#fw4#vpn_domains
nftset=/instagramn.com/4#inet#fw4#vpn_domains
nftset=/instagrampartners.com/4#inet#fw4#vpn_domains
nftset=/instagramphoto.com/4#inet#fw4#vpn_domains
nftset=/instagramq.com/4#inet#fw4#vpn_domains
nftset=/instagramsepeti.com/4#inet#fw4#vpn_domains
nftset=/instagramtakipcisatinal.net/4#inet#fw4#vpn_domains
nftset=/instagramtakiphilesi.com/4#inet#fw4#vpn_domains
nftset=/instagramtips.com/4#inet#fw4#vpn_domains
nftset=/instagramtr.com/4#inet#fw4#vpn_domains
nftset=/instagran.com/4#inet#fw4#vpn_domains
nftset=/instagranm.com/4#inet#fw4#vpn_domains
nftset=/instagrem.com/4#inet#fw4#vpn_domains
nftset=/instagrm.com/4#inet#fw4#vpn_domains
nftset=/instagtram.com/4#inet#fw4#vpn_domains
nftset=/instagy.com/4#inet#fw4#vpn_domains
nftset=/instamgram.com/4#inet#fw4#vpn_domains
nftset=/instangram.com/4#inet#fw4#vpn_domains
nftset=/instanttelegram.com/4#inet#fw4#vpn_domains
nftset=/instaplayer.net/4#inet#fw4#vpn_domains
nftset=/instastyle.tv/4#inet#fw4#vpn_domains
nftset=/instgram.com/4#inet#fw4#vpn_domains
nftset=/intagram.com/4#inet#fw4#vpn_domains
nftset=/intagrm.com/4#inet#fw4#vpn_domains
nftset=/intgram.com/4#inet#fw4#vpn_domains
nftset=/kingstagram.com/4#inet#fw4#vpn_domains
nftset=/lnstagram-help.com/4#inet#fw4#vpn_domains
nftset=/theinstagramhack.com/4#inet#fw4#vpn_domains
nftset=/oninstagram.com/4#inet#fw4#vpn_domains
nftset=/online-instagram.com/4#inet#fw4#vpn_domains
nftset=/onlineinstagram.com/4#inet#fw4#vpn_domains
nftset=/web-instagram.net/4#inet#fw4#vpn_domains
nftset=/wwwinstagram.com/4#inet#fw4#vpn_domains
nftset=/discord.com/4#inet#fw4#vpn_domains
nftset=/discordapp.com/4#inet#fw4#vpn_domains
nftset=/discordapp.com/4#inet#fw4#vpn_domains
nftset=/discord.gift/4#inet#fw4#vpn_domains
nftset=/discord.media/4#inet#fw4#vpn_domains
nftset=/discordapp.net/4#inet#fw4#vpn_domains
nftset=/discord.co/4#inet#fw4#vpn_domains
nftset=/discord.com/4#inet#fw4#vpn_domains
nftset=/discordapp.com/4#inet#fw4#vpn_domains
nftset=/discord.gift/4#inet#fw4#vpn_domains
nftset=/discord.new/4#inet#fw4#vpn_domains
nftset=/discord.design/4#inet#fw4#vpn_domains
nftset=/discord.services/4#inet#fw4#vpn_domains
nftset=/discord.gg/4#inet#fw4#vpn_domains
nftset=/discord.gg/4#inet#fw4#vpn_domains
nftset=/discord.new/4#inet#fw4#vpn_domains
nftset=/discord.design/4#inet#fw4#vpn_domains
nftset=/discord.services/4#inet#fw4#vpn_domains
nftset=/discordstatus.com/4#inet#fw4#vpn_domains
nftset=/discordcdn.com/4#inet#fw4#vpn_domains
nftset=/discordapp.io/4#inet#fw4#vpn_domains
nftset=/discordapp.xyz/4#inet#fw4#vpn_domains
nftset=/discordapp.org/4#inet#fw4#vpn_domains
nftset=/discordapp.io/4#inet#fw4#vpn_domains
nftset=/discordapp.xyz/4#inet#fw4#vpn_domains
nftset=/discordapp.org/4#inet#fw4#vpn_domains
