nftset=/cdninstagram.com/4#inet#fw4#vpn_domains
nftset=/facebook.com/4#inet#fw4#vpn_domains
nftset=/facebook.net/4#inet#fw4#vpn_domains
nftset=/fbcdn.com/4#inet#fw4#vpn_domains
nftset=/fbcdn.net/4#inet#fw4#vpn_domains
nftset=/ig.me/4#inet#fw4#vpn_domains
nftset=/instagram.com/4#inet#fw4#vpn_domains
nftset=/dis.gd/4#inet#fw4#vpn_domains
nftset=/disboard.org/4#inet#fw4#vpn_domains
nftset=/discord-activities.com/4#inet#fw4#vpn_domains
nftset=/discord.center/4#inet#fw4#vpn_domains
nftset=/discord.co/4#inet#fw4#vpn_domains
nftset=/discord.com/4#inet#fw4#vpn_domains
nftset=/discord.design/4#inet#fw4#vpn_domains
nftset=/discord.dev/4#inet#fw4#vpn_domains
nftset=/discord.gg/4#inet#fw4#vpn_domains
nftset=/discord.gift/4#inet#fw4#vpn_domains
nftset=/discord.gifts/4#inet#fw4#vpn_domains
nftset=/discord.me/4#inet#fw4#vpn_domains
nftset=/discord.media/4#inet#fw4#vpn_domains
nftset=/discord.new/4#inet#fw4#vpn_domains
nftset=/discord.st/4#inet#fw4#vpn_domains
nftset=/discord.store/4#inet#fw4#vpn_domains
nftset=/discord.tools/4#inet#fw4#vpn_domains
nftset=/discordInvites.net/4#inet#fw4#vpn_domains
nftset=/discordactivities.com/4#inet#fw4#vpn_domains
nftset=/discordapp.com/4#inet#fw4#vpn_domains
nftset=/discordapp.io/4#inet#fw4#vpn_domains
nftset=/discordapp.net/4#inet#fw4#vpn_domains
nftset=/discordbee.com/4#inet#fw4#vpn_domains
nftset=/discordbotlist.com/4#inet#fw4#vpn_domains
nftset=/discordcdn.com/4#inet#fw4#vpn_domains
nftset=/discordexpert.com/4#inet#fw4#vpn_domains
nftset=/discordhome.com/4#inet#fw4#vpn_domains
nftset=/discordhub.com/4#inet#fw4#vpn_domains
nftset=/discordlist.me/4#inet#fw4#vpn_domains
nftset=/discordlist.space/4#inet#fw4#vpn_domains
nftset=/discordmerch.com/4#inet#fw4#vpn_domains
nftset=/discordpartygames.com/4#inet#fw4#vpn_domains
nftset=/discords.com/4#inet#fw4#vpn_domains
nftset=/discordsays.com/4#inet#fw4#vpn_domains
nftset=/discordservers.com/4#inet#fw4#vpn_domains
nftset=/discordstatus.com/4#inet#fw4#vpn_domains
nftset=/discordtop.com/4#inet#fw4#vpn_domains
nftset=/disforge.com/4#inet#fw4#vpn_domains
nftset=/dyno.gg/4#inet#fw4#vpn_domains
nftset=/findAdiscord.com/4#inet#fw4#vpn_domains
nftset=/mee6.xyz/4#inet#fw4#vpn_domains
nftset=/top.gg/4#inet#fw4#vpn_domains
nftset=/ntc.party/4#inet#fw4#vpn_domains
nftset=/fast.com/4#inet#fw4#vpn_domains
nftset=/cdn-telegram.org/4#inet#fw4#vpn_domains
nftset=/comments.app/4#inet#fw4#vpn_domains
nftset=/contest.com/4#inet#fw4#vpn_domains
nftset=/fragment.com/4#inet#fw4#vpn_domains
nftset=/graph.org/4#inet#fw4#vpn_domains
nftset=/quiz.directory/4#inet#fw4#vpn_domains
nftset=/t.me/4#inet#fw4#vpn_domains
nftset=/tdesktop.com/4#inet#fw4#vpn_domains
nftset=/telega.one/4#inet#fw4#vpn_domains
nftset=/telegra.ph/4#inet#fw4#vpn_domains
nftset=/telegram-cdn.org/4#inet#fw4#vpn_domains
nftset=/telegram.com/4#inet#fw4#vpn_domains
nftset=/telegram.dog/4#inet#fw4#vpn_domains
nftset=/telegram.me/4#inet#fw4#vpn_domains
nftset=/telegram.org/4#inet#fw4#vpn_domains
nftset=/telegram.space/4#inet#fw4#vpn_domains
nftset=/telesco.pe/4#inet#fw4#vpn_domains
nftset=/tg.dev/4#inet#fw4#vpn_domains
nftset=/tx.me/4#inet#fw4#vpn_domains
nftset=/usercontent.dev/4#inet#fw4#vpn_domains